// Jest Snapshot v1, https://goo.gl/fbAQLP

exports[`Counter component Must be equal to the snapshot 1`] = `
<h2>counter</h2>
<p>10 <sup>2</sup> = 100</p>
<div><button>+1</button><button>-1</button></div>
`;
